// Jest Snapshot v1, https://goo.gl/fbAQLP

exports[`Header renders without crashing 1`] = `
.c5 {
  width: 100px;
  height: 25px;
}

.c2 {
  padding: 0;
  background: none;
  border: none;
  -webkit-appearance: unset;
  width: 20px;
  height: 16px;
  position: absolute;
  cursor: pointer;
}

.c3 {
  width: 20px;
  height: 2px;
  position: absolute;
  top: 7px;
  border-radius: 2px;
  background-color: white;
}

.c3:before,
.c3:after {
  position: absolute;
  display: block;
  content: '';
  width: 20px;
  height: 2px;
  background-color: white;
  border-radius: 2px;
}

.c3:before {
  top: -6px;
}

.c3:after {
  bottom: -6px;
}

.c6 {
  display: -webkit-box;
  display: -webkit-flex;
  display: -ms-flexbox;
  display: flex;
  height: 20px;
  overflow: hidden;
  -webkit-box-pack: center;
  -webkit-justify-content: center;
  -ms-flex-pack: center;
  justify-content: center;
  font-family: 'Roboto',sans-serif;
  font-size: 14px;
  font-weight: 400;
}

.c7 {
  display: -webkit-inline-box;
  display: -webkit-inline-flex;
  display: -ms-inline-flexbox;
  display: inline-flex;
  -webkit-align-items: flex-start;
  -webkit-box-align: flex-start;
  -ms-flex-align: flex-start;
  align-items: flex-start;
  height: 50px;
  padding: 0 15px;
  margin: 0;
  list-style: none;
  overflow: auto;
}

.c8 {
  padding-right: 15px;
  color: white;
  white-space: nowrap;
}

.c9 {
  display: block;
  padding-bottom: 2px;
  border-bottom: 2px solid white;
  color: inherit;
  -webkit-text-decoration: none;
  text-decoration: none;
}

.c10 {
  display: block;
  padding-bottom: 2px;
  color: inherit;
  -webkit-text-decoration: none;
  text-decoration: none;
}

.c0 {
  position: fixed;
  top: 0;
  display: -webkit-box;
  display: -webkit-flex;
  display: -ms-flexbox;
  display: flex;
  -webkit-flex-direction: column;
  -ms-flex-direction: column;
  flex-direction: column;
  width: 100%;
  background: rgb(0,0,0);
  color: white;
}

.c1 {
  display: -webkit-box;
  display: -webkit-flex;
  display: -ms-flexbox;
  display: flex;
  -webkit-flex-wrap: no-wrap;
  -ms-flex-wrap: no-wrap;
  flex-wrap: no-wrap;
  -webkit-align-items: center;
  -webkit-box-align: center;
  -ms-flex-align: center;
  align-items: center;
  padding: 10px 15px;
}

.c4 {
  display: -webkit-box;
  display: -webkit-flex;
  display: -ms-flexbox;
  display: flex;
  -webkit-box-flex: 1;
  -webkit-flex-grow: 1;
  -ms-flex-positive: 1;
  flex-grow: 1;
  -webkit-box-pack: center;
  -webkit-justify-content: center;
  -ms-flex-pack: center;
  justify-content: center;
}

<header
  className="c0"
>
  <div />
  <section
    className="c1"
  >
    <button
      className="c2"
      onClick={[Function]}
    >
      <div
        className="c3"
      />
    </button>
    <div
      className="c4"
    >
      <img
        alt="Logo"
        className="c5"
        src="logo-marfeel.svg"
      />
    </div>
  </section>
  <nav
    className="c6"
  >
    <ul
      className="c7"
    >
      <li
        className="c8"
      >
        <a
          className="c9"
          href="#1"
          onClick={[Function]}
          selected={true}
        >
          HOME
        </a>
      </li>
      <li
        className="c8"
      >
        <a
          className="c10"
          href="#2"
          onClick={[Function]}
          selected={false}
        >
          TRAVELS
        </a>
      </li>
      <li
        className="c8"
      >
        <a
          className="c10"
          href="#3"
          onClick={[Function]}
          selected={false}
        >
          TECH
        </a>
      </li>
      <li
        className="c8"
      >
        <a
          className="c10"
          href="#4"
          onClick={[Function]}
          selected={false}
        >
          NATIONAL
        </a>
      </li>
      <li
        className="c8"
      >
        <a
          className="c10"
          href="#5"
          onClick={[Function]}
          selected={false}
        >
          INTERNATIONAL
        </a>
      </li>
    </ul>
  </nav>
</header>
`;
